[thetheme.io/thesaas/index.html]
[backblue.gif]
[fade.gif]
[index.html]
[thetheme.io/thesaas/assets/img/apple-touch-icon.png]
[thetheme.io/thesaas/assets/img/favicon.png]
[thetheme.io/thesaas/assets/img/og-img.jpg]
[thetheme.io/thesaas/index-2.html]
[thetheme.io/thesaas/assets/img/logo-dark.png]
[thetheme.io/thesaas/assets/img/logo-light.png]
[thetheme.io/thesaas/demo/bootstrap.html]
[thetheme.io/thesaas/demo/dropbox.html]
[thetheme.io/thesaas/demo/github.html]
[thetheme.io/thesaas/demo/gmail.html]
[thetheme.io/thesaas/demo/mailchimp.html]
[thetheme.io/thesaas/demo/paypal.html]
[thetheme.io/thesaas/demo/slack.html]
[thetheme.io/thesaas/demo/trello.html]
[thetheme.io/thesaas/demo/zendesk.html]
[thetheme.io/thesaas/page/how-it-works.html]
[thetheme.io/thesaas/page/pricing.html]
[thetheme.io/thesaas/page/portfolio.html]
[thetheme.io/thesaas/page/portfolio-single.html]
[thetheme.io/thesaas/page/career.html]
[thetheme.io/thesaas/page/career-single.html]
[thetheme.io/thesaas/page/about.html]
[thetheme.io/thesaas/page/contact.html]
[thetheme.io/thesaas/page/demo.html]
[thetheme.io/thesaas/page/coming-soon.html]
[thetheme.io/thesaas/page/terms.html]
[thetheme.io/thesaas/page/error-404.html]
[thetheme.io/thesaas/page/user-login.html]
[thetheme.io/thesaas/page/user-register.html]
[thetheme.io/thesaas/page/user-recover.html]
[thetheme.io/thesaas/blog/classic.html]
[thetheme.io/thesaas/blog/grid.html]
[thetheme.io/thesaas/blog/list.html]
[thetheme.io/thesaas/blog/sidebar.html]
[thetheme.io/thesaas/blog/post.html]
[thetheme.io/thesaas/shop/list.html]
[thetheme.io/thesaas/shop/item.html]
[thetheme.io/thesaas/shop/cart.html]
[thetheme.io/thesaas/shop/checkout.html]
[thetheme.io/thesaas/block/cover.html]
[thetheme.io/thesaas/block/header.html]
[thetheme.io/thesaas/block/footer.html]
[thetheme.io/thesaas/block/feature.html]
[thetheme.io/thesaas/block/feature-text.html]
[thetheme.io/thesaas/block/offcanvas.html]
[thetheme.io/thesaas/block/modal.html]
[thetheme.io/thesaas/block/popup.html]
[thetheme.io/thesaas/block/blog.html]
[thetheme.io/thesaas/block/career.html]
[thetheme.io/thesaas/block/contact.html]
[thetheme.io/thesaas/block/cta.html]
[thetheme.io/thesaas/block/faq.html]
[thetheme.io/thesaas/block/counter.html]
[thetheme.io/thesaas/block/map.html]
[thetheme.io/thesaas/block/partner.html]
[thetheme.io/thesaas/block/portfolio.html]
[thetheme.io/thesaas/block/pricing.html]
[thetheme.io/thesaas/block/shop.html]
[thetheme.io/thesaas/block/signup.html]
[thetheme.io/thesaas/block/subscribe.html]
[thetheme.io/thesaas/block/team.html]
[thetheme.io/thesaas/block/testimonial.html]
[thetheme.io/thesaas/block/video.html]
[thetheme.io/thesaas/uikit/typography.html]
[thetheme.io/thesaas/uikit/color.html]
[thetheme.io/thesaas/uikit/card.html]
[thetheme.io/thesaas/uikit/table.html]
[thetheme.io/thesaas/uikit/image.html]
[thetheme.io/thesaas/uikit/video.html]
[thetheme.io/thesaas/uikit/icon.html]
[thetheme.io/thesaas/uikit/content.html]
[thetheme.io/thesaas/uikit/typing.html]
[thetheme.io/thesaas/uikit/utility.html]
[thetheme.io/thesaas/uikit/section.html]
[thetheme.io/thesaas/uikit/navbar.html]
[thetheme.io/thesaas/uikit/topbar.html]
[thetheme.io/thesaas/uikit/modal.html]
[thetheme.io/thesaas/uikit/popup.html]
[thetheme.io/thesaas/uikit/offcanvas.html]
[thetheme.io/thesaas/uikit/lightbox.html]
[thetheme.io/thesaas/uikit/accordion.html]
[thetheme.io/thesaas/uikit/tab.html]
[thetheme.io/thesaas/uikit/slider.html]
[thetheme.io/thesaas/uikit/form.html]
[thetheme.io/thesaas/uikit/button.html]
[thetheme.io/thesaas/uikit/alert.html]
[thetheme.io/thesaas/uikit/badge.html]
[thetheme.io/thesaas/uikit/constellation.html]
[thetheme.io/thesaas/uikit/countdown.html]
[thetheme.io/thesaas/uikit/countup.html]
[thetheme.io/thesaas/uikit/dropdown.html]
[thetheme.io/thesaas/uikit/granim.html]
[thetheme.io/thesaas/uikit/gallery.html]
[thetheme.io/thesaas/uikit/pricing.html]
[thetheme.io/thesaas/uikit/social.html]
[thetheme.io/thesaas/uikit/scroll.html]
[thetheme.io/thesaas/uikit/overlay.html]
[thetheme.io/thesaas/uikit/map.html]
[thetheme.io/thesaas/uikit/nav.html]
[thetheme.io/thesaas/uikit/shuffle.html]
[thetheme.io/thesaas/uikit/progress.html]
[thetheme.io/thesaas/uikit/misc.html]
[thetheme.io/thesaas/assets/img/preview/block-1.jpg]
[thetheme.io/thesaas/assets/img/preview/block-2.jpg]
[thetheme.io/thesaas/assets/img/preview/block-3.jpg]
[thetheme.io/thesaas/assets/img/preview/block-4.jpg]
[thetheme.io/thesaas/assets/img/preview/block-5.jpg]
[thetheme.io/thesaas/assets/img/preview/block-6.jpg]
[thetheme.io/thesaas/assets/img/preview/block-7.jpg]
[thetheme.io/thesaas/assets/img/preview/block-8.jpg]
[thetheme.io/thesaas/assets/img/preview/block-9.jpg]
[thetheme.io/thesaas/assets/img/preview/demo-bootstrap.jpg]
[thetheme.io/thesaas/assets/img/preview/demo-mailchimp.jpg]
[thetheme.io/thesaas/assets/img/preview/demo-github.jpg]
[thetheme.io/thesaas/assets/img/preview/demo-gmail.jpg]
[thetheme.io/thesaas/assets/img/preview/demo-trello.jpg]
[thetheme.io/thesaas/assets/img/preview/demo-slack.jpg]
[thetheme.io/thesaas/assets/img/preview/demo-dropbox.jpg]
[thetheme.io/thesaas/assets/img/preview/demo-zendesk.jpg]
[thetheme.io/thesaas/assets/img/preview/demo-paypal.jpg]
[thetheme.io/thesaas/assets/img/preview/feature-tablet.png]
[thetheme.io/thesaas/assets/img/icon/rocket2.png]
[thetheme.io/thesaas/block/index.html]
[thetheme.io/thesaas/uikit/index.html]
[thetheme.io/thesaas/assets/js/page.min.js]
[thetheme.io/thesaas/index.html]
[thetheme.io/thesaas/assets/js/script.js]
[thetheme.io/thesaas/assets/fonts/fontawesome-webfont3e6e.eot]
[thetheme.io/thesaas/assets/fonts/fontawesome-webfontd41d.eot]
[thetheme.io/thesaas/assets/fonts/fontawesome-webfont3e6e.woff]
[thetheme.io/thesaas/assets/fonts/fontawesome-webfont3e6e.ttf]
[thetheme.io/thesaas/assets/fonts/et-line.eot]
[thetheme.io/thesaas/assets/fonts/et-lined41d.eot]
[thetheme.io/thesaas/assets/fonts/et-line.woff]
[thetheme.io/thesaas/assets/fonts/et-line.ttf]
[thetheme.io/thesaas/assets/fonts/themify9f24.eot]
[thetheme.io/thesaas/assets/fonts/themifyd41d.eot]
[thetheme.io/thesaas/assets/fonts/themify9f24.woff]
[thetheme.io/thesaas/assets/fonts/themify9f24.ttf]
[thetheme.io/thesaas/assets/css/page.min.css]
[thetheme.io/thesaas/assets/css/style.css]
[thetheme.io/thesaas/index-2.html]
[thetheme.io/thesaas/assets/img/logo/bootstrap-solid.png]
[thetheme.io/thesaas/assets/img/logo/bootstrap-punchout.png]
[thetheme.io/thesaas/assets/img/bg/1.jpg]
[thetheme.io/thesaas/assets/img/logo/bootstrap.png]
[thetheme.io/thesaas/assets/img/icon/github.png]
[thetheme.io/thesaas/assets/img/preview/header-color.jpg]
[thetheme.io/thesaas/assets/img/preview/header-gradient.jpg]
[thetheme.io/thesaas/assets/img/preview/header-typing.jpg]
[thetheme.io/thesaas/assets/img/partner/1.png]
[thetheme.io/thesaas/assets/img/partner/2.png]
[thetheme.io/thesaas/assets/img/partner/3.png]
[thetheme.io/thesaas/assets/img/partner/4.png]
[thetheme.io/thesaas/assets/img/partner/5.png]
[thetheme.io/thesaas/assets/img/partner/6.png]
[thetheme.io/thesaas/demo/bootstrap.html]
[thetheme.io/thesaas/assets/img/logo/dropbox.png]
[thetheme.io/thesaas/assets/img/vector/16.png]
[thetheme.io/thesaas/assets/img/preview/laptop-2.png]
[thetheme.io/thesaas/assets/img/preview/shot-3.png]
[thetheme.io/thesaas/assets/img/preview/shot-2.png]
[thetheme.io/thesaas/assets/img/preview/shot-4.png]
[thetheme.io/thesaas/assets/img/thumb/3.jpg]
[thetheme.io/thesaas/assets/img/thumb/11.jpg]
[thetheme.io/thesaas/demo/dropbox.html]
[thetheme.io/thesaas/assets/img/logo/github.png]
[thetheme.io/thesaas/assets/img/logo/github-light.png]
[thetheme.io/thesaas/assets/img/preview/laptop-1.png]
[thetheme.io/thesaas/assets/img/preview/dribbble-9.gif]
[thetheme.io/thesaas/assets/img/preview/dribbble-6.png]
[thetheme.io/thesaas/assets/img/preview/dribbble-7.png]
[thetheme.io/thesaas/assets/img/preview/dribbble-8.png]
[thetheme.io/thesaas/demo/github.html]
[thetheme.io/thesaas/assets/img/logo/google.png]
[thetheme.io/thesaas/assets/img/preview/dribbble-11.jpg]
[thetheme.io/thesaas/assets/img/preview/dribbble-10.jpg]
[thetheme.io/thesaas/assets/img/thumb/16.jpg]
[thetheme.io/thesaas/assets/img/thumb/17.jpg]
[thetheme.io/thesaas/demo/gmail.html]
[thetheme.io/thesaas/assets/img/logo/mailchimp.png]
[thetheme.io/thesaas/assets/img/vector/18.png]
[thetheme.io/thesaas/assets/img/preview/phone-2.png]
[thetheme.io/thesaas/assets/img/avatar/1.jpg]
[thetheme.io/thesaas/assets/img/avatar/2.jpg]
[thetheme.io/thesaas/assets/img/thumb/1.jpg]
[thetheme.io/thesaas/demo/mailchimp.html]
[thetheme.io/thesaas/assets/img/thumb/2.jpg]
[thetheme.io/thesaas/assets/img/logo/paypal.png]
[thetheme.io/thesaas/assets/img/logo/paypal-light.png]
[thetheme.io/thesaas/assets/img/vector/9.jpg]
[thetheme.io/thesaas/assets/img/vector/5.png]
[thetheme.io/thesaas/assets/img/vector/6.png]
[thetheme.io/thesaas/assets/img/thumb/10.jpg]
[thetheme.io/thesaas/assets/img/vector/7.jpg]
[thetheme.io/thesaas/assets/img/vector/8.png]
[thetheme.io/thesaas/demo/paypal.html]
[thetheme.io/thesaas/assets/img/logo/slack.png]
[thetheme.io/thesaas/assets/img/preview/shot-1.png]
[thetheme.io/thesaas/assets/img/vector/10.png]
[thetheme.io/thesaas/assets/img/vector/11.png]
[thetheme.io/thesaas/assets/img/vector/12.png]
[thetheme.io/thesaas/assets/img/vector/13.png]
[thetheme.io/thesaas/assets/img/bg/4.jpg]
[thetheme.io/thesaas/demo/slack.html]
[thetheme.io/thesaas/assets/img/logo/trello.png]
[thetheme.io/thesaas/assets/img/logo/trello-light.png]
[thetheme.io/thesaas/assets/img/bg/10.jpg]
[thetheme.io/thesaas/assets/img/preview/dribbble-4.jpg]
[thetheme.io/thesaas/assets/img/preview/phone-3.png]
[thetheme.io/thesaas/assets/img/preview/dribbble-2.jpg]
[thetheme.io/thesaas/assets/img/preview/dribbble-3.jpg]
[thetheme.io/thesaas/assets/img/preview/dribbble-5.jpg]
[thetheme.io/thesaas/demo/trello.html]
[thetheme.io/thesaas/assets/img/logo/zendesk.png]
[thetheme.io/thesaas/assets/img/bg/2.jpg]
[thetheme.io/thesaas/assets/img/avatar/10.jpg]
[thetheme.io/thesaas/assets/img/vector/14.png]
[thetheme.io/thesaas/demo/zendesk.html]
[thetheme.io/thesaas/assets/img/vector/15.png]
[thetheme.io/thesaas/assets/img/vector/1.png]
[thetheme.io/thesaas/assets/img/vector/2.png]
[thetheme.io/thesaas/assets/img/vector/3.png]
[thetheme.io/thesaas/page/how-it-works.html]
[thetheme.io/thesaas/page/pricing.html]
[thetheme.io/thesaas/assets/img/vector/4.png]
[thetheme.io/thesaas/assets/img/portfolio/1.jpg]
[thetheme.io/thesaas/assets/img/portfolio/2.jpg]
[thetheme.io/thesaas/assets/img/portfolio/3.jpg]
[thetheme.io/thesaas/assets/img/portfolio/4.jpg]
[thetheme.io/thesaas/assets/img/portfolio/5.jpg]
[thetheme.io/thesaas/assets/img/portfolio/6.jpg]
[thetheme.io/thesaas/assets/img/portfolio/7.jpg]
[thetheme.io/thesaas/assets/img/portfolio/8.jpg]
[thetheme.io/thesaas/page/portfolio.html]
[thetheme.io/thesaas/page/portfolio-single.html]
[thetheme.io/thesaas/assets/img/thumb/14.jpg]
[thetheme.io/thesaas/assets/img/thumb/15.jpg]
[thetheme.io/thesaas/assets/img/thumb/12.jpg]
[thetheme.io/thesaas/assets/img/thumb/13.jpg]
[thetheme.io/thesaas/page/career.html]
[thetheme.io/thesaas/page/career-single.html]
[thetheme.io/thesaas/assets/img/avatar/3.jpg]
[thetheme.io/thesaas/assets/img/avatar/5.jpg]
[thetheme.io/thesaas/assets/img/avatar/6.jpg]
[thetheme.io/thesaas/assets/img/avatar/7.jpg]
[thetheme.io/thesaas/assets/img/avatar/8.jpg]
[thetheme.io/thesaas/page/about.html]
[thetheme.io/thesaas/page/contact.html]
[thetheme.io/thesaas/assets/img/preview/mac-1.png]
[thetheme.io/thesaas/page/demo.html]
[thetheme.io/thesaas/page/coming-soon.html]
[thetheme.io/thesaas/page/terms.html]
[thetheme.io/thesaas/page/error-404.html]
[thetheme.io/thesaas/page/user-login.html]
[thetheme.io/thesaas/page/user-register.html]
[thetheme.io/thesaas/page/user-recover.html]
[thetheme.io/thesaas/assets/img/thumb/4.jpg]
[thetheme.io/thesaas/assets/img/thumb/5.jpg]
[thetheme.io/thesaas/blog/classic.html]
[thetheme.io/thesaas/assets/img/thumb/6.jpg]
[thetheme.io/thesaas/blog/grid.html]
[thetheme.io/thesaas/blog/list.html]
[thetheme.io/thesaas/blog/sidebar.html]
[thetheme.io/thesaas/assets/img/bg/11.jpg]
[thetheme.io/thesaas/blog/post.html]
[thetheme.io/thesaas/assets/img/shop/10.jpg]
[thetheme.io/thesaas/assets/img/shop/11.jpg]
[thetheme.io/thesaas/assets/img/shop/13.jpg]
[thetheme.io/thesaas/assets/img/shop/14.jpg]
[thetheme.io/thesaas/assets/img/shop/12.jpg]
[thetheme.io/thesaas/assets/img/shop/15.jpg]
[thetheme.io/thesaas/assets/img/shop/23.jpg]
[thetheme.io/thesaas/assets/img/shop/16.jpg]
[thetheme.io/thesaas/assets/img/shop/17.jpg]
[thetheme.io/thesaas/shop/list.html]
[thetheme.io/thesaas/assets/img/shop/18.jpg]
[thetheme.io/thesaas/assets/img/shop/19.png]
[thetheme.io/thesaas/assets/img/shop/20.png]
[thetheme.io/thesaas/assets/img/shop/21.png]
[thetheme.io/thesaas/assets/img/shop/22.png]
[thetheme.io/thesaas/shop/item.html]
[thetheme.io/thesaas/shop/cart.html]
[thetheme.io/thesaas/shop/checkout.html]
[thetheme.io/thesaas/assets/img/vector/17.png]
[thetheme.io/thesaas/assets/img/video/1.jpg]
[thetheme.io/thesaas/assets/img/thumb/8.jpg]
[thetheme.io/thesaas/block/cover.html]
[thetheme.io/thesaas/block/header.html]
[thetheme.io/thesaas/block/footer.html]
[thetheme.io/thesaas/assets/img/bg/5.jpg]
[thetheme.io/thesaas/assets/img/preview/phone-4.png]
[thetheme.io/thesaas/assets/img/preview/header-image.jpg]
[thetheme.io/thesaas/assets/img/preview/header-video.jpg]
[thetheme.io/thesaas/assets/img/preview/header-slider.jpg]
[thetheme.io/thesaas/assets/img/preview/phone-1.png]
[thetheme.io/thesaas/assets/img/preview/header-particle.jpg]
[thetheme.io/thesaas/assets/img/avatar/4.jpg]
[thetheme.io/thesaas/block/feature.html]
[thetheme.io/thesaas/assets/img/preview/ipad-1.png]
[thetheme.io/thesaas/assets/img/icon/planet.png]
[thetheme.io/thesaas/assets/img/icon/rocket.png]
[thetheme.io/thesaas/block/feature-text.html]
[thetheme.io/thesaas/block/offcanvas.html]
[thetheme.io/thesaas/assets/img/icon/dog.png]
[thetheme.io/thesaas/assets/img/bg/3.jpg]
[thetheme.io/thesaas/assets/img/bg/9.jpg]
[thetheme.io/thesaas/block/modal.html]
[thetheme.io/thesaas/block/popup.html]
[thetheme.io/thesaas/assets/img/bg/8.jpg]
[thetheme.io/thesaas/assets/img/thumb/9.jpg]
[thetheme.io/thesaas/block/blog.html]
[thetheme.io/thesaas/block/career.html]
[thetheme.io/thesaas/block/contact.html]
[thetheme.io/thesaas/block/counter.html]
[thetheme.io/thesaas/assets/img/app/badge-apple.png]
[thetheme.io/thesaas/assets/img/app/badge-google.png]
[thetheme.io/thesaas/block/cta.html]
[thetheme.io/thesaas/block/faq.html]
[thetheme.io/thesaas/block/map.html]
[thetheme.io/thesaas/block/partner.html]
[thetheme.io/thesaas/block/portfolio.html]
[thetheme.io/thesaas/block/pricing.html]
[thetheme.io/thesaas/assets/img/bg/pattern-1.png]
[thetheme.io/thesaas/assets/img/shop/1.png]
[thetheme.io/thesaas/assets/img/shop/2.png]
[thetheme.io/thesaas/assets/img/shop/3.png]
[thetheme.io/thesaas/block/shop.html]
[thetheme.io/thesaas/block/signup.html]
[thetheme.io/thesaas/block/subscribe.html]
[thetheme.io/thesaas/assets/img/bg/13.jpg]
[thetheme.io/thesaas/assets/img/avatar/9.jpg]
[thetheme.io/thesaas/assets/img/avatar/11.jpg]
[thetheme.io/thesaas/block/team.html]
[thetheme.io/thesaas/block/testimonial.html]
[thetheme.io/thesaas/block/video.html]
[thetheme.io/thesaas/uikit/typography.html]
[thetheme.io/thesaas/uikit/color.html]
[thetheme.io/thesaas/uikit/card.html]
[thetheme.io/thesaas/uikit/table.html]
[thetheme.io/thesaas/uikit/image.html]
[thetheme.io/thesaas/assets/img/video/1.mp4]
[thetheme.io/thesaas/uikit/video.html]
[thetheme.io/thesaas/assets/img/preview/icons-fontawesome.png]
[thetheme.io/thesaas/assets/img/preview/icons-themify.png]
[thetheme.io/thesaas/uikit/icon.html]
[thetheme.io/thesaas/assets/img/preview/icons-etline.png]
[thetheme.io/thesaas/uikit/content.html]
[thetheme.io/thesaas/uikit/typing.html]
[thetheme.io/thesaas/uikit/utility.html]
[thetheme.io/thesaas/assets/img/bg/6.jpg]
[thetheme.io/thesaas/assets/img/bg/12.jpg]
[thetheme.io/thesaas/uikit/section.html]
[thetheme.io/thesaas/uikit/navbar.html]
[thetheme.io/thesaas/uikit/topbar.html]
[thetheme.io/thesaas/uikit/modal.html]
[thetheme.io/thesaas/uikit/popup.html]
[thetheme.io/thesaas/uikit/offcanvas.html]
[thetheme.io/thesaas/uikit/lightbox.html]
[thetheme.io/thesaas/uikit/accordion.html]
[thetheme.io/thesaas/uikit/tab.html]
[thetheme.io/thesaas/uikit/slider.html]
[thetheme.io/thesaas/uikit/form.html]
[thetheme.io/thesaas/uikit/button.html]
[thetheme.io/thesaas/uikit/alert.html]
[thetheme.io/thesaas/uikit/badge.html]
[thetheme.io/thesaas/uikit/constellation.html]
[thetheme.io/thesaas/uikit/countdown.html]
[thetheme.io/thesaas/uikit/countup.html]
[thetheme.io/thesaas/uikit/dropdown.html]
[thetheme.io/thesaas/uikit/granim.html]
[thetheme.io/thesaas/assets/img/thumb/7.jpg]
[thetheme.io/thesaas/uikit/gallery.html]
[thetheme.io/thesaas/uikit/pricing.html]
[thetheme.io/thesaas/uikit/social.html]
[thetheme.io/thesaas/uikit/scroll.html]
[thetheme.io/thesaas/uikit/overlay.html]
[thetheme.io/thesaas/assets/img/app/map-marker.png]
[thetheme.io/thesaas/uikit/map.html]
[thetheme.io/thesaas/uikit/nav.html]
[thetheme.io/thesaas/uikit/shuffle.html]
[thetheme.io/thesaas/uikit/progress.html]
[thetheme.io/thesaas/uikit/misc.html]
[thetheme.io/thesaas/block/index.html]
[thetheme.io/thesaas/uikit/index.html]
[thetheme.io/thesaas/assets/fonts/fontawesome-webfont3e6e.html]
[thetheme.io/thesaas/assets/fonts/fontawesome-webfont3e6e.svg]
[thetheme.io/thesaas/assets/css/fonts/et-line.html]
[thetheme.io/thesaas/assets/css/fonts/et-lined41d.html]
[thetheme.io/thesaas/assets/css/fonts/et-line-2.html]
[thetheme.io/thesaas/assets/css/fonts/et-line-3.html]
[thetheme.io/thesaas/assets/css/fonts/et-line-4.html]
[thetheme.io/thesaas/assets/fonts/et-line.svg]
[thetheme.io/thesaas/assets/fonts/themify9f24.svg]
[thetheme.io/thesaas/assets/img/app/photoswipe/default-skin.html]
[thetheme.io/thesaas/assets/img/app/photoswipe/default-skin-2.html]
[thetheme.io/thesaas/assets/img/app/photoswipe/preloader.html]
[thetheme.io/thesaas/blog/blog-single.html]
[thetheme.io/thesaas/block/assets/img/video/1.html]
[thetheme.io/thesaas/block/blog-single.html]
[thetheme.io/thesaas/block/career-single.html]
[thetheme.io/thesaas/block/shop-single.html]
[thetheme.io/thesaas/block/item.html]
[thetheme.io/thesaas/assets/img/icon/light.html]
[thetheme.io/thesaas/assets/img/icon/cloud.html]
[thetheme.io/thesaas/help/index.html]
[thetheme.io/thesaas/assets/img/video/1.mp4]
[thetheme.io/thesaas/assets/img/video/1.mp4]
